1.000000
2.000000
fizz
4.000000
buzz
fizz
7.000000
8.000000
fizz
buzz
11.000000
fizz
13.000000
14.000000
fizzbuzz
16.000000
