0.000000
0.000000
and:
false
or:
false
---
0.000000
1.000000
and:
false
or:
true
---
1.000000
0.000000
and:
false
or:
true
---
1.000000
1.000000
and:
true
or:
true
---
2.000000
