15.000000
46.000000
23.000000
70.000000
35.000000
106.000000
53.000000
160.000000
80.000000
40.000000
20.000000
10.000000
5.000000
16.000000
8.000000
4.000000
2.000000
1.000000
Looks good to me
Looks good to me
