The 5th Fibonacci number is:
3.000000
The 8th Fibonacci number is:
13.000000
13.000000
